[WebServer] (node:1365576) Warning: The 'NO_COLOR' env is ignored due to the 'FORCE_COLOR' env being set.
[WebServer] (Use `node --trace-warnings ...` to show where the warning was created)
[WebServer] $ next build
[WebServer] (node:1365589) Warning: The 'NO_COLOR' env is ignored due to the 'FORCE_COLOR' env being set.
[WebServer] (Use `node --trace-warnings ...` to show where the warning was created)
[WebServer] (node:1365589) Warning: The 'NO_COLOR' env is ignored due to the 'FORCE_COLOR' env being set.
[WebServer] (Use `node --trace-warnings ...` to show where the warning was created)
[WebServer] (node:1365692) Warning: The 'NO_COLOR' env is ignored due to the 'FORCE_COLOR' env being set.
[WebServer] (Use `node --trace-warnings ...` to show where the warning was created)
[WebServer] (node:1365870) Warning: The 'NO_COLOR' env is ignored due to the 'FORCE_COLOR' env being set.
[WebServer] (Use `node --trace-warnings ...` to show where the warning was created)
[WebServer] (node:1365871) Warning: The 'NO_COLOR' env is ignored due to the 'FORCE_COLOR' env being set.
[WebServer] (Use `node --trace-warnings ...` to show where the warning was created)
[WebServer] (node:1365877) Warning: The 'NO_COLOR' env is ignored due to the 'FORCE_COLOR' env being set.
[WebServer] (Use `node --trace-warnings ...` to show where the warning was created)
[WebServer] (node:1366045) Warning: The 'NO_COLOR' env is ignored due to the 'FORCE_COLOR' env being set.
[WebServer] (Use `node --trace-warnings ...` to show where the warning was created)
[WebServer] $ next start --port 4173 --hostname 127.0.0.1
[WebServer] (node:1366059) Warning: The 'NO_COLOR' env is ignored due to the 'FORCE_COLOR' env being set.
[WebServer] (Use `node --trace-warnings ...` to show where the warning was created)
[WebServer] ⚠ "next start" does not work with "output: standalone" configuration. Use "node .next/standalone/server.js" instead.
[WebServer] (node:1366101) Warning: The 'NO_COLOR' env is ignored due to the 'FORCE_COLOR' env being set.
[WebServer] (Use `node --trace-warnings ...` to show where the warning was created)
[WebServer] $ vite build
[WebServer] (node:1366114) Warning: The 'NO_COLOR' env is ignored due to the 'FORCE_COLOR' env being set.
[WebServer] (Use `node --trace-warnings ...` to show where the warning was created)
[WebServer] 
[WebServer] /j-aautomation/app/fonts/geist-latin.woff2 referenced in /j-aautomation/app/fonts/geist-latin.woff2 didn't resolve at build time, it will remain unchanged to be resolved at runtime
[WebServer] 
[WebServer] /j-aautomation/app/fonts/geist-mono-latin.woff2 referenced in /j-aautomation/app/fonts/geist-mono-latin.woff2 didn't resolve at build time, it will remain unchanged to be resolved at runtime
[WebServer] (node:1366114) Warning: The 'NO_COLOR' env is ignored due to the 'FORCE_COLOR' env being set.
[WebServer] (Use `node --trace-warnings ...` to show where the warning was created)
[WebServer] 
[WebServer] /j-aautomation/app/fonts/geist-latin.woff2 referenced in /j-aautomation/app/fonts/geist-latin.woff2 didn't resolve at build time, it will remain unchanged to be resolved at runtime
[WebServer] 
[WebServer] /j-aautomation/app/fonts/geist-mono-latin.woff2 referenced in /j-aautomation/app/fonts/geist-mono-latin.woff2 didn't resolve at build time, it will remain unchanged to be resolved at runtime
[WebServer] [plugin builtin:vite-reporter] 
[WebServer] (!) Some chunks are larger than 500 kB after minification. Consider:
[WebServer] - Using dynamic import() to code-split the application
[WebServer] - Use build.rolldownOptions.output.codeSplitting to improve chunking: https://rolldown.rs/reference/OutputOptions.codeSplitting
[WebServer] - Adjust chunk size limit for this warning via build.chunkSizeWarningLimit.
[WebServer] [PLUGIN_TIMINGS] Your build spent 90% of 3.1s inside plugin hooks (2.8s).
[WebServer] Measured inside the callback, so queue time is excluded and time the callback itself awaited is not:
[WebServer]   - vite-plugin-svelte:compile transform (73%, 2.3s, 64 calls)
[WebServer] Those rows are 73% of the build; the rest of the 90% is below.
[WebServer] Not measurable — 2 hooks whose calls overlap, so elapsed time covers work other calls were doing. Profile with `node --cpu-prof`:
[WebServer]   - vite-plugin-sveltekit-guard resolveId (1402 calls)
[WebServer]   - vite-plugin-svelte:preprocess transform (64 calls)
[WebServer] See https://rolldown.rs/reference/InputOptions.checks#plugintimings for more details.
[WebServer] 
[WebServer] (node:1366114) Warning: The 'NO_COLOR' env is ignored due to the 'FORCE_COLOR' env being set.
[WebServer] (Use `node --trace-warnings ...` to show where the warning was created)
[WebServer] .svelte-kit/output/server/chunks/auth.js (3652:0): A comment
[WebServer] 
[WebServer] "/**
[WebServer] * Wraps a cipher: validates args, ensures encrypt() can only be called once.
[WebServer] * Used internally by the exported cipher constructors.
[WebServer] * Output-buffer support is inferred from the wrapped `encrypt` / `decrypt`
[WebServer] * arity (`fn.length === 2`), so wrapped output-capable methods must use a normal
[WebServer] * second parameter, not a default/rest parameter. AAD support is explicit in
[WebServer] * `params.withAAD`; optional AAD starts after the nonce slot when one is present.
[WebServer] * @__NO_SIDE_EFFECTS__
[WebServer] * @param params - Static cipher metadata. See {@link CipherParams}.
[WebServer] * @param constructor - Cipher constructor.
[WebServer] * @returns Wrapped constructor with validation.
[WebServer] */"
[WebServer] 
[WebServer] in ".svelte-kit/output/server/chunks/auth.js" contains an annotation that Rollup cannot interpret due to the position of the comment. The comment will be removed to avoid issues.
[WebServer] "node:sqlite" is imported by ".svelte-kit/output/server/chunks/src.js", but could not be resolved – treating it as an external dependency.
[WebServer] Generated an empty chunk: "chunks/env.js".
[WebServer] [PLUGIN_TIMINGS] Your build spent 100% of 12.0s inside plugin hooks (18.1s).
[WebServer] Measured inside the callback, so queue time is excluded and time the callback itself awaited is not:
[WebServer]   - vite-plugin-sveltekit-compile writeBundle (65%, 7.8s, 1 call)
[WebServer]   - vite-plugin-sveltekit-compile closeBundle (54%, 6.5s, 1 call)
[WebServer]   - vite-plugin-svelte:compile transform (22%, 2.7s, 64 calls)
[WebServer]   - vite:css transform (10%, 1.2s, 33 calls)
[WebServer] Those rows are 100% of the build; the rest of the 100% is below.
[WebServer] Not measurable — 2 hooks whose calls overlap, so elapsed time covers work other calls were doing. Profile with `node --cpu-prof`:
[WebServer]   - vite-plugin-sveltekit-guard resolveId (4430 calls)
[WebServer]   - @tailwindcss/vite:generate:build transform (33 calls)
[WebServer] See https://rolldown.rs/reference/InputOptions.checks#plugintimings for more details.
[WebServer] 
[WebServer] (node:1366620) Warning: The 'NO_COLOR' env is ignored due to the 'FORCE_COLOR' env being set.
[WebServer] (Use `node --trace-warnings ...` to show where the warning was created)
[WebServer] $ node build
[WebServer] (node:1366654) Warning: The 'NO_COLOR' env is ignored due to the 'FORCE_COLOR' env being set.
[WebServer] (Use `node --trace-warnings ...` to show where the warning was created)
{
  "counts": {
    "clients": 23,
    "contacts": 8,
    "projects": 25,
    "users": 6,
    "workers": 3,
    "timeEntries": 43,
    "reports": 7,
    "technicalReports": 3,
    "technicalChanges": 2,
    "expenses": 41,
    "documents": 13,
    "milestones": 4,
    "invoiceDrafts": 7,
    "invoices": 8,
    "issuedInvoices": 1,
    "billingRules": 14,
    "skills": 18,
    "workerSkills": 17,
    "availabilities": 6,
    "settlements": 2,
    "periodReports": 4,
    "accountingPacks": 1
  },
  "projects": [
    "01a0c5f1-f839-75a9-ba6f-1c6c6299d2ef",
    "01a0c5f1-f83a-7319-8707-9c1c279c7282",
    "01a0c5f1-f83b-71cd-a51e-3f43a9318b90",
    "01a0c5f1-f83b-71cd-a51e-4d7bec47ea15"
  ],
  "invoiceDrafts": [
    "01a0c5f1-f945-75db-b060-0a0fa64fa396",
    "01a0c5f1-f94a-71bd-974e-d5e940abe6c3",
    "01a0c5f1-f94f-75ad-84f2-16b13c28c43c"
  ],
  "additionalInvoiceDrafts": [
    "01a0c5f1-f956-729a-83fe-96bc3eaef61f",
    "01a0c5f1-f959-708f-aaa1-77430ae3f55c",
    "01a0c5f1-f95c-7756-80e1-a19fbf8939c5"
  ],
  "issuedPalletizerInvoice": {
    "id": "01a0c5f1-f956-729a-83fe-96bc3eaef61f",
    "invoiceNumber": "DEMO-2026-00001"
  },
  "settlementIds": [
    "01a0c5f1-f931-72f5-bcb0-2674c943bdbd",
    "01a0c5f1-f936-77df-8d75-0175a5fd18e2"
  ],
  "closedPeriods": [
    {
      "state": "ready",
      "reasons": [],
      "projectId": "01a0c5f1-f839-75a9-ba6f-1c6c6299d2ef",
      "streamType": "labor",
      "closed": true,
      "billingPeriodId": "01a0c5f1-f965-713b-8e82-6ad438031ee5"
    },
    {
      "state": "ready",
      "reasons": [],
      "projectId": "01a0c5f1-f839-75a9-ba6f-1c6c6299d2ef",
      "streamType": "expense",
      "closed": true,
      "billingPeriodId": "01a0c5f1-f968-716a-80be-b9c9cad8845f"
    }
  ],
  "periodReportIds": [
    "01a0c5f1-f968-716a-80be-c3afa36bd7db",
    "01a0c5f1-f969-7114-b3a6-62705b8ca29b"
  ],
  "accountingPackId": "01a0c5f1-f99b-76ed-b737-76f95d897562",
  "canonicalAccountingPackRevisionId": "fp-accounting-pack-revision-79fc30c25555a752bf684803e95e48ae78ed046c",
  "closeoutId": "01a0c5f1-fa45-739b-abce-4aa77a0bb1df"
}

Running 7 tests using 1 worker

(node:1366798) Warning: The 'NO_COLOR' env is ignored due to the 'FORCE_COLOR' env being set.
(Use `node --trace-warnings ...` to show where the warning was created)
  ✓  1 [desktop] › tests/e2e/design-refresh.spec.ts:5:1 › refreshed website keeps its menu reachable and loads local typography (5.2s)
  ✓  2 [desktop] › tests/e2e/design-refresh.spec.ts:39:1 › workspace fonts load and dashboard summary leaves room for work (4.6s)
  ✓  3 [desktop] › tests/e2e/manual-current-capture.spec.ts:53:1 › capture fresh synthetic EN and PT-BR manuals for seven personas (2.1m)
  ✓  4 [desktop] › tests/e2e/manual-guide-downloads.spec.ts:56:1 › three shared guides, legacy links and role reading paths enforce the persisted persona (26.2s)
  ✓  5 [desktop] › tests/e2e/manual-guide-downloads.spec.ts:167:1 › Help retries a transient PDF outage and offers an actionable PT recovery after a persistent outage (4.6s)
  ✓  6 [desktop] › tests/e2e/manual-guide-downloads.spec.ts:237:1 › Help explains an expired session and offers sign-in without retrying a 401 (2.2s)
  -  7 [desktop] › tests/e2e/manual-guide-downloads.spec.ts:256:1 › Owner Help keeps all three shared guides readable and tappable at 390px

  1 skipped
  6 passed (3.5m)
