[WebServer] (node:1375962) Warning: The 'NO_COLOR' env is ignored due to the 'FORCE_COLOR' env being set.
[WebServer] (Use `node --trace-warnings ...` to show where the warning was created)
[WebServer] $ next build
[WebServer] (node:1375975) Warning: The 'NO_COLOR' env is ignored due to the 'FORCE_COLOR' env being set.
[WebServer] (Use `node --trace-warnings ...` to show where the warning was created)
[WebServer] (node:1375975) Warning: The 'NO_COLOR' env is ignored due to the 'FORCE_COLOR' env being set.
[WebServer] (Use `node --trace-warnings ...` to show where the warning was created)
[WebServer] (node:1376201) Warning: The 'NO_COLOR' env is ignored due to the 'FORCE_COLOR' env being set.
[WebServer] (Use `node --trace-warnings ...` to show where the warning was created)
[WebServer] (node:1376194) Warning: The 'NO_COLOR' env is ignored due to the 'FORCE_COLOR' env being set.
[WebServer] (Use `node --trace-warnings ...` to show where the warning was created)
[WebServer] (node:1376195) Warning: The 'NO_COLOR' env is ignored due to the 'FORCE_COLOR' env being set.
[WebServer] (Use `node --trace-warnings ...` to show where the warning was created)
[WebServer] (node:1376303) Warning: The 'NO_COLOR' env is ignored due to the 'FORCE_COLOR' env being set.
[WebServer] (Use `node --trace-warnings ...` to show where the warning was created)
[WebServer] $ next start --port 4173 --hostname 127.0.0.1
[WebServer] (node:1376316) Warning: The 'NO_COLOR' env is ignored due to the 'FORCE_COLOR' env being set.
[WebServer] (Use `node --trace-warnings ...` to show where the warning was created)
[WebServer] ⚠ "next start" does not work with "output: standalone" configuration. Use "node .next/standalone/server.js" instead.
[WebServer] (node:1376338) Warning: The 'NO_COLOR' env is ignored due to the 'FORCE_COLOR' env being set.
[WebServer] (Use `node --trace-warnings ...` to show where the warning was created)
[WebServer] $ vite build
[WebServer] (node:1376388) Warning: The 'NO_COLOR' env is ignored due to the 'FORCE_COLOR' env being set.
[WebServer] (Use `node --trace-warnings ...` to show where the warning was created)
[WebServer] 
[WebServer] /j-aautomation/app/fonts/geist-latin.woff2 referenced in /j-aautomation/app/fonts/geist-latin.woff2 didn't resolve at build time, it will remain unchanged to be resolved at runtime
[WebServer] 
[WebServer] /j-aautomation/app/fonts/geist-mono-latin.woff2 referenced in /j-aautomation/app/fonts/geist-mono-latin.woff2 didn't resolve at build time, it will remain unchanged to be resolved at runtime
[WebServer] (node:1376388) Warning: The 'NO_COLOR' env is ignored due to the 'FORCE_COLOR' env being set.
[WebServer] (Use `node --trace-warnings ...` to show where the warning was created)
[WebServer] 
[WebServer] /j-aautomation/app/fonts/geist-latin.woff2 referenced in /j-aautomation/app/fonts/geist-latin.woff2 didn't resolve at build time, it will remain unchanged to be resolved at runtime
[WebServer] 
[WebServer] /j-aautomation/app/fonts/geist-mono-latin.woff2 referenced in /j-aautomation/app/fonts/geist-mono-latin.woff2 didn't resolve at build time, it will remain unchanged to be resolved at runtime
[WebServer] [plugin builtin:vite-reporter] 
[WebServer] (!) Some chunks are larger than 500 kB after minification. Consider:
[WebServer] - Using dynamic import() to code-split the application
[WebServer] - Use build.rolldownOptions.output.codeSplitting to improve chunking: https://rolldown.rs/reference/OutputOptions.codeSplitting
[WebServer] - Adjust chunk size limit for this warning via build.chunkSizeWarningLimit.
[WebServer] [PLUGIN_TIMINGS] Your build spent 89% of 3.5s inside plugin hooks (3.1s).
[WebServer] Measured inside the callback, so queue time is excluded and time the callback itself awaited is not:
[WebServer]   - vite-plugin-svelte:compile transform (70%, 2.4s, 64 calls)
[WebServer] Those rows are 70% of the build; the rest of the 89% is below.
[WebServer] Not measurable — 1 hook whose calls overlap, so elapsed time covers work other calls were doing. Profile with `node --cpu-prof`:
[WebServer]   - vite-plugin-sveltekit-guard resolveId (1402 calls)
[WebServer] See https://rolldown.rs/reference/InputOptions.checks#plugintimings for more details.
[WebServer] 
[WebServer] (node:1376388) Warning: The 'NO_COLOR' env is ignored due to the 'FORCE_COLOR' env being set.
[WebServer] (Use `node --trace-warnings ...` to show where the warning was created)
[WebServer] .svelte-kit/output/server/chunks/auth.js (3652:0): A comment
[WebServer] 
[WebServer] "/**
[WebServer] * Wraps a cipher: validates args, ensures encrypt() can only be called once.
[WebServer] * Used internally by the exported cipher constructors.
[WebServer] * Output-buffer support is inferred from the wrapped `encrypt` / `decrypt`
[WebServer] * arity (`fn.length === 2`), so wrapped output-capable methods must use a normal
[WebServer] * second parameter, not a default/rest parameter. AAD support is explicit in
[WebServer] * `params.withAAD`; optional AAD starts after the nonce slot when one is present.
[WebServer] * @__NO_SIDE_EFFECTS__
[WebServer] * @param params - Static cipher metadata. See {@link CipherParams}.
[WebServer] * @param constructor - Cipher constructor.
[WebServer] * @returns Wrapped constructor with validation.
[WebServer] */"
[WebServer] 
[WebServer] in ".svelte-kit/output/server/chunks/auth.js" contains an annotation that Rollup cannot interpret due to the position of the comment. The comment will be removed to avoid issues.
[WebServer] "node:sqlite" is imported by ".svelte-kit/output/server/chunks/src.js", but could not be resolved – treating it as an external dependency.
[WebServer] Generated an empty chunk: "chunks/env.js".
[WebServer] [PLUGIN_TIMINGS] Your build spent 100% of 13.0s inside plugin hooks (19.3s).
[WebServer] Measured inside the callback, so queue time is excluded and time the callback itself awaited is not:
[WebServer]   - vite-plugin-sveltekit-compile writeBundle (68%, 8.9s, 1 call)
[WebServer]   - vite-plugin-sveltekit-compile closeBundle (52%, 6.7s, 1 call)
[WebServer]   - vite-plugin-svelte:compile transform (19%, 2.5s, 64 calls)
[WebServer]   - @tailwindcss/vite:generate:build transform (12%, 1.5s, 33 calls)
[WebServer] Those rows are 100% of the build; the rest of the 100% is below.
[WebServer] Not measurable — 2 hooks whose calls overlap, so elapsed time covers work other calls were doing. Profile with `node --cpu-prof`:
[WebServer]   - vite-plugin-sveltekit-guard resolveId (4430 calls)
[WebServer]   - vite-plugin-svelte:preprocess transform (64 calls)
[WebServer] See https://rolldown.rs/reference/InputOptions.checks#plugintimings for more details.
[WebServer] 
[WebServer] (node:1377114) Warning: The 'NO_COLOR' env is ignored due to the 'FORCE_COLOR' env being set.
[WebServer] (Use `node --trace-warnings ...` to show where the warning was created)
[WebServer] $ node build
[WebServer] (node:1377128) Warning: The 'NO_COLOR' env is ignored due to the 'FORCE_COLOR' env being set.
[WebServer] (Use `node --trace-warnings ...` to show where the warning was created)
{
  "counts": {
    "clients": 23,
    "contacts": 8,
    "projects": 25,
    "users": 6,
    "workers": 3,
    "timeEntries": 43,
    "reports": 7,
    "technicalReports": 3,
    "technicalChanges": 2,
    "expenses": 41,
    "documents": 13,
    "milestones": 4,
    "invoiceDrafts": 7,
    "invoices": 8,
    "issuedInvoices": 1,
    "billingRules": 14,
    "skills": 18,
    "workerSkills": 17,
    "availabilities": 6,
    "settlements": 2,
    "periodReports": 4,
    "accountingPacks": 1
  },
  "projects": [
    "01a0c5f7-5478-73cf-a335-5ef760151bbf",
    "01a0c5f7-547a-775b-8b7b-a60fd94e7dc1",
    "01a0c5f7-547a-775b-8b7b-b67cc33d6669",
    "01a0c5f7-547b-74a2-a586-d688ab7444a9"
  ],
  "invoiceDrafts": [
    "01a0c5f7-5582-76bd-b98d-3c6c36873e73",
    "01a0c5f7-5588-735f-b154-eff2df199f1b",
    "01a0c5f7-5591-743e-9970-77392321d722"
  ],
  "additionalInvoiceDrafts": [
    "01a0c5f7-559c-77ff-8e19-8ee1eafe428e",
    "01a0c5f7-559f-76cc-a619-b82e9dfbab55",
    "01a0c5f7-55a3-7488-bac3-ea03df2b33d7"
  ],
  "issuedPalletizerInvoice": {
    "id": "01a0c5f7-559c-77ff-8e19-8ee1eafe428e",
    "invoiceNumber": "DEMO-2026-00001"
  },
  "settlementIds": [
    "01a0c5f7-5572-7399-a963-5eca45ce7888",
    "01a0c5f7-5574-761e-af25-7ab9ed503e77"
  ],
  "closedPeriods": [
    {
      "state": "ready",
      "reasons": [],
      "projectId": "01a0c5f7-5478-73cf-a335-5ef760151bbf",
      "streamType": "labor",
      "closed": true,
      "billingPeriodId": "01a0c5f7-55b0-7084-b88d-b0a4f1132447"
    },
    {
      "state": "ready",
      "reasons": [],
      "projectId": "01a0c5f7-5478-73cf-a335-5ef760151bbf",
      "streamType": "expense",
      "closed": true,
      "billingPeriodId": "01a0c5f7-55b3-74da-9594-868b990ca210"
    }
  ],
  "periodReportIds": [
    "01a0c5f7-55b4-73fd-b02a-d3e3254db189",
    "01a0c5f7-55b4-73fd-b02a-d46db1db6443"
  ],
  "accountingPackId": "01a0c5f7-55ed-7060-92e1-3f009089b00b",
  "canonicalAccountingPackRevisionId": "fp-accounting-pack-revision-e1ded858fd92b931e69b4a1c7437659fdce79ffa",
  "closeoutId": "01a0c5f7-5676-76f9-bdaa-8ad056deb753"
}

Running 8 tests using 1 worker

(node:1377217) Warning: The 'NO_COLOR' env is ignored due to the 'FORCE_COLOR' env being set.
(Use `node --trace-warnings ...` to show where the warning was created)
  -  1 [phone-360] › tests/e2e/manual-current-capture.spec.ts:53:1 › capture fresh synthetic EN and PT-BR manuals for seven personas
  ✓  2 [phone-360] › tests/e2e/ui-multirole-accessibility-matrix.spec.ts:429:3 › worker Client Essential surfaces pass axe, responsive and keyboard matrix (13.5s)
(node:1377849) Warning: The 'NO_COLOR' env is ignored due to the 'FORCE_COLOR' env being set.
(Use `node --trace-warnings ...` to show where the warning was created)
  -  3 [phone-390] › tests/e2e/manual-current-capture.spec.ts:53:1 › capture fresh synthetic EN and PT-BR manuals for seven personas
  ✓  4 [phone-390] › tests/e2e/ui-multirole-accessibility-matrix.spec.ts:429:3 › worker Client Essential surfaces pass axe, responsive and keyboard matrix (13.3s)
(node:1378272) Warning: The 'NO_COLOR' env is ignored due to the 'FORCE_COLOR' env being set.
(Use `node --trace-warnings ...` to show where the warning was created)
  -  5 [tablet-768] › tests/e2e/manual-current-capture.spec.ts:53:1 › capture fresh synthetic EN and PT-BR manuals for seven personas
  ✓  6 [tablet-768] › tests/e2e/ui-multirole-accessibility-matrix.spec.ts:429:3 › worker Client Essential surfaces pass axe, responsive and keyboard matrix (13.3s)
(node:1378848) Warning: The 'NO_COLOR' env is ignored due to the 'FORCE_COLOR' env being set.
(Use `node --trace-warnings ...` to show where the warning was created)
  ✓  7 [desktop] › tests/e2e/manual-current-capture.spec.ts:53:1 › capture fresh synthetic EN and PT-BR manuals for seven personas (2.1m)
  ✓  8 [desktop] › tests/e2e/ui-multirole-accessibility-matrix.spec.ts:429:3 › worker Client Essential surfaces pass axe, responsive and keyboard matrix (12.6s)

  3 skipped
  5 passed (3.7m)
