[WebServer] (node:857406) Warning: The 'NO_COLOR' env is ignored due to the 'FORCE_COLOR' env being set.
[WebServer] (Use `node --trace-warnings ...` to show where the warning was created)

[WebServer] $ next build

[WebServer] (node:857439) Warning: The 'NO_COLOR' env is ignored due to the 'FORCE_COLOR' env being set.
[WebServer] (Use `node --trace-warnings ...` to show where the warning was created)

[WebServer] (node:857439) Warning: The 'NO_COLOR' env is ignored due to the 'FORCE_COLOR' env being set.
[WebServer] (Use `node --trace-warnings ...` to show where the warning was created)

[WebServer] (node:857722) Warning: The 'NO_COLOR' env is ignored due to the 'FORCE_COLOR' env being set.
[WebServer] (Use `node --trace-warnings ...` to show where the warning was created)

[WebServer] (node:857721) Warning: The 'NO_COLOR' env is ignored due to the 'FORCE_COLOR' env being set.
[WebServer] (Use `node --trace-warnings ...` to show where the warning was created)

[WebServer] (node:857715) Warning: The 'NO_COLOR' env is ignored due to the 'FORCE_COLOR' env being set.
[WebServer] (Use `node --trace-warnings ...` to show where the warning was created)

[WebServer] (node:857964) Warning: The 'NO_COLOR' env is ignored due to the 'FORCE_COLOR' env being set.
[WebServer] (Use `node --trace-warnings ...` to show where the warning was created)

[WebServer] $ next start --port 4173 --hostname 127.0.0.1

[WebServer] (node:857977) Warning: The 'NO_COLOR' env is ignored due to the 'FORCE_COLOR' env being set.
[WebServer] (Use `node --trace-warnings ...` to show where the warning was created)

[WebServer] ⚠ "next start" does not work with "output: standalone" configuration. Use "node .next/standalone/server.js" instead.

[WebServer] (node:858027) Warning: The 'NO_COLOR' env is ignored due to the 'FORCE_COLOR' env being set.
[WebServer] (Use `node --trace-warnings ...` to show where the warning was created)

[WebServer] $ vite build

[WebServer] (node:858040) Warning: The 'NO_COLOR' env is ignored due to the 'FORCE_COLOR' env being set.
[WebServer] (Use `node --trace-warnings ...` to show where the warning was created)

[WebServer] 
[WebServer] /j-aautomation/app/fonts/geist-latin.woff2 referenced in /j-aautomation/app/fonts/geist-latin.woff2 didn't resolve at build time, it will remain unchanged to be resolved at runtime
[WebServer] 
[WebServer] /j-aautomation/app/fonts/geist-mono-latin.woff2 referenced in /j-aautomation/app/fonts/geist-mono-latin.woff2 didn't resolve at build time, it will remain unchanged to be resolved at runtime

[WebServer] (node:858040) Warning: The 'NO_COLOR' env is ignored due to the 'FORCE_COLOR' env being set.
[WebServer] (Use `node --trace-warnings ...` to show where the warning was created)

[WebServer] 
[WebServer] /j-aautomation/app/fonts/geist-latin.woff2 referenced in /j-aautomation/app/fonts/geist-latin.woff2 didn't resolve at build time, it will remain unchanged to be resolved at runtime

[WebServer] 
[WebServer] /j-aautomation/app/fonts/geist-mono-latin.woff2 referenced in /j-aautomation/app/fonts/geist-mono-latin.woff2 didn't resolve at build time, it will remain unchanged to be resolved at runtime

[WebServer] [plugin builtin:vite-reporter] 
[WebServer] (!) Some chunks are larger than 500 kB after minification. Consider:
[WebServer] - Using dynamic import() to code-split the application
[WebServer] - Use build.rolldownOptions.output.codeSplitting to improve chunking: https://rolldown.rs/reference/OutputOptions.codeSplitting
[WebServer] - Adjust chunk size limit for this warning via build.chunkSizeWarningLimit.

[WebServer] [PLUGIN_TIMINGS] Your build spent 90% of 3.3s inside plugin hooks (3.0s).
[WebServer] Measured inside the callback, so queue time is excluded and time the callback itself awaited is not:
[WebServer]   - vite-plugin-svelte:compile transform (72%, 2.4s, 69 calls)
[WebServer] Those rows are 72% of the build; the rest of the 90% is below.
[WebServer] Not measurable — 2 hooks whose calls overlap, so elapsed time covers work other calls were doing. Profile with `node --cpu-prof`:
[WebServer]   - vite-plugin-sveltekit-guard resolveId (1466 calls)
[WebServer]   - @tailwindcss/vite:generate:build transform (40 calls)
[WebServer] See https://rolldown.rs/reference/InputOptions.checks#plugintimings for more details.
[WebServer] 

[WebServer] (node:858040) Warning: The 'NO_COLOR' env is ignored due to the 'FORCE_COLOR' env being set.
[WebServer] (Use `node --trace-warnings ...` to show where the warning was created)

[WebServer] .svelte-kit/output/server/chunks/auth.js (3652:0): A comment
[WebServer] 
[WebServer] "/**
[WebServer] * Wraps a cipher: validates args, ensures encrypt() can only be called once.
[WebServer] * Used internally by the exported cipher constructors.
[WebServer] * Output-buffer support is inferred from the wrapped `encrypt` / `decrypt`
[WebServer] * arity (`fn.length === 2`), so wrapped output-capable methods must use a normal
[WebServer] * second parameter, not a default/rest parameter. AAD support is explicit in
[WebServer] * `params.withAAD`; optional AAD starts after the nonce slot when one is present.
[WebServer] * @__NO_SIDE_EFFECTS__
[WebServer] * @param params - Static cipher metadata. See {@link CipherParams}.
[WebServer] * @param constructor - Cipher constructor.
[WebServer] * @returns Wrapped constructor with validation.
[WebServer] */"
[WebServer] 
[WebServer] in ".svelte-kit/output/server/chunks/auth.js" contains an annotation that Rollup cannot interpret due to the position of the comment. The comment will be removed to avoid issues.

[WebServer] "node:sqlite" is imported by ".svelte-kit/output/server/chunks/src.js", but could not be resolved – treating it as an external dependency.

[WebServer] Generated an empty chunk: "chunks/env.js".

[WebServer] [PLUGIN_TIMINGS] Your build spent 100% of 12.6s inside plugin hooks (19.0s).
[WebServer] Measured inside the callback, so queue time is excluded and time the callback itself awaited is not:
[WebServer]   - vite-plugin-sveltekit-compile writeBundle (64%, 8.1s, 1 call)
[WebServer]   - vite-plugin-sveltekit-compile closeBundle (54%, 6.8s, 1 call)
[WebServer]   - vite-plugin-svelte:compile transform (23%, 2.9s, 69 calls)
[WebServer]   - @tailwindcss/vite:generate:build transform (18%, 2.3s, 40 calls)
[WebServer] Those rows are 100% of the build; the rest of the 100% is below.
[WebServer] Not measurable — 1 hook whose calls overlap, so elapsed time covers work other calls were doing. Profile with `node --cpu-prof`:
[WebServer]   - vite-plugin-sveltekit-guard resolveId (4501 calls)
[WebServer] See https://rolldown.rs/reference/InputOptions.checks#plugintimings for more details.
[WebServer] 

[WebServer] (node:858784) Warning: The 'NO_COLOR' env is ignored due to the 'FORCE_COLOR' env being set.
[WebServer] (Use `node --trace-warnings ...` to show where the warning was created)

[WebServer] $ node build

[WebServer] (node:858842) Warning: The 'NO_COLOR' env is ignored due to the 'FORCE_COLOR' env being set.
[WebServer] (Use `node --trace-warnings ...` to show where the warning was created)

{
  "counts": {
    "clients": 23,
    "contacts": 8,
    "projects": 25,
    "users": 6,
    "workers": 3,
    "timeEntries": 43,
    "reports": 7,
    "technicalReports": 3,
    "technicalChanges": 2,
    "expenses": 41,
    "documents": 13,
    "milestones": 4,
    "invoiceDrafts": 7,
    "invoices": 8,
    "issuedInvoices": 1,
    "billingRules": 14,
    "skills": 18,
    "workerSkills": 17,
    "availabilities": 6,
    "settlements": 2,
    "periodReports": 4,
    "accountingPacks": 1
  },
  "projects": [
    "01a0cb13-aed8-7572-a93f-bbe16de51918",
    "01a0cb13-aed9-718c-a297-939eb0d8c225",
    "01a0cb13-aed9-718c-a297-a2e44af9f0fd",
    "01a0cb13-aeda-7528-aabd-5ee9d1f9c3be"
  ],
  "invoiceDrafts": [
    "01a0cb13-afd7-73ad-8381-2ced90feb366",
    "01a0cb13-afdb-75c4-95a6-447937dfd6ef",
    "01a0cb13-afdf-7493-85fc-9c1eb0f383b7"
  ],
  "additionalInvoiceDrafts": [
    "01a0cb13-afe6-731a-b340-be934a8abe87",
    "01a0cb13-afe8-71ef-a19a-8760886ac4ef",
    "01a0cb13-afec-72d3-91e2-dfd07bdfd2e5"
  ],
  "issuedPalletizerInvoice": {
    "id": "01a0cb13-afe6-731a-b340-be934a8abe87",
    "invoiceNumber": "DEMO-2026-00001"
  },
  "settlementIds": [
    "01a0cb13-afcd-7408-9140-ad767270bb93",
    "01a0cb13-afce-708c-a953-ce023a09a565"
  ],
  "closedPeriods": [
    {
      "state": "ready",
      "reasons": [],
      "projectId": "01a0cb13-aed8-7572-a93f-bbe16de51918",
      "streamType": "labor",
      "closed": true,
      "billingPeriodId": "01a0cb13-aff4-77f0-8e27-ec063d20893d"
    },
    {
      "state": "ready",
      "reasons": [],
      "projectId": "01a0cb13-aed8-7572-a93f-bbe16de51918",
      "streamType": "expense",
      "closed": true,
      "billingPeriodId": "01a0cb13-aff7-76be-989b-55d7a02a2f4d"
    }
  ],
  "periodReportIds": [
    "01a0cb13-aff8-7679-901b-ee4fa1670468",
    "01a0cb13-aff8-7679-901b-f1d2bffa22b9"
  ],
  "accountingPackId": "01a0cb13-b027-769c-8559-29d6a4ba559a",
  "canonicalAccountingPackRevisionId": "fp-accounting-pack-revision-3e2b033d2473836a67a7fe6851230bf3226591c1",
  "closeoutId": "01a0cb13-b0a9-72aa-8124-c16277da83ef"
}

Running 16 tests using 1 worker

(node:858974) Warning: The 'NO_COLOR' env is ignored due to the 'FORCE_COLOR' env being set.
(Use `node --trace-warnings ...` to show where the warning was created)


[1/16] [phone-360] › tests/e2e/astra-notifications.spec.ts:7:1 › Worker sees localized notices and opens the authorized project
[2/16] [phone-360] › tests/e2e/form-resilience.spec.ts:40:1 › expense validation retains the receipt and values, then creation and editing succeed
[3/16] [phone-360] › tests/e2e/notification-inbox.spec.ts:8:1 › unread inbox preserves failures, marks only the selected notice and remains accessible
[4/16] [phone-360] › tests/e2e/notification-inbox.spec.ts:90:1 › operational sheets protect changed text on cancel, Escape and navigation
(node:859772) Warning: The 'NO_COLOR' env is ignored due to the 'FORCE_COLOR' env being set.
(Use `node --trace-warnings ...` to show where the warning was created)


[5/16] [phone-390] › tests/e2e/astra-notifications.spec.ts:7:1 › Worker sees localized notices and opens the authorized project
[6/16] [phone-390] › tests/e2e/form-resilience.spec.ts:40:1 › expense validation retains the receipt and values, then creation and editing succeed
[7/16] [phone-390] › tests/e2e/notification-inbox.spec.ts:8:1 › unread inbox preserves failures, marks only the selected notice and remains accessible
[8/16] [phone-390] › tests/e2e/notification-inbox.spec.ts:90:1 › operational sheets protect changed text on cancel, Escape and navigation
(node:860441) Warning: The 'NO_COLOR' env is ignored due to the 'FORCE_COLOR' env being set.
(Use `node --trace-warnings ...` to show where the warning was created)


[9/16] [tablet-768] › tests/e2e/astra-notifications.spec.ts:7:1 › Worker sees localized notices and opens the authorized project
[10/16] [tablet-768] › tests/e2e/form-resilience.spec.ts:40:1 › expense validation retains the receipt and values, then creation and editing succeed
[11/16] [tablet-768] › tests/e2e/notification-inbox.spec.ts:8:1 › unread inbox preserves failures, marks only the selected notice and remains accessible
[12/16] [tablet-768] › tests/e2e/notification-inbox.spec.ts:90:1 › operational sheets protect changed text on cancel, Escape and navigation
(node:861246) Warning: The 'NO_COLOR' env is ignored due to the 'FORCE_COLOR' env being set.
(Use `node --trace-warnings ...` to show where the warning was created)


[13/16] [desktop] › tests/e2e/astra-notifications.spec.ts:7:1 › Worker sees localized notices and opens the authorized project
[14/16] [desktop] › tests/e2e/form-resilience.spec.ts:40:1 › expense validation retains the receipt and values, then creation and editing succeed
[15/16] [desktop] › tests/e2e/notification-inbox.spec.ts:8:1 › unread inbox preserves failures, marks only the selected notice and remains accessible
[16/16] [desktop] › tests/e2e/notification-inbox.spec.ts:90:1 › operational sheets protect changed text on cancel, Escape and navigation
  16 passed (1.8m)
