[WebServer] (node:917858) Warning: The 'NO_COLOR' env is ignored due to the 'FORCE_COLOR' env being set.
[WebServer] (Use `node --trace-warnings ...` to show where the warning was created)

[WebServer] $ next build

[WebServer] (node:917894) Warning: The 'NO_COLOR' env is ignored due to the 'FORCE_COLOR' env being set.
[WebServer] (Use `node --trace-warnings ...` to show where the warning was created)

[WebServer] (node:917894) Warning: The 'NO_COLOR' env is ignored due to the 'FORCE_COLOR' env being set.
[WebServer] (Use `node --trace-warnings ...` to show where the warning was created)

[WebServer] (node:918148) Warning: The 'NO_COLOR' env is ignored due to the 'FORCE_COLOR' env being set.
[WebServer] (Use `node --trace-warnings ...` to show where the warning was created)
[WebServer] (node:918155) Warning: The 'NO_COLOR' env is ignored due to the 'FORCE_COLOR' env being set.
[WebServer] (Use `node --trace-warnings ...` to show where the warning was created)
[WebServer] (node:918149) Warning: The 'NO_COLOR' env is ignored due to the 'FORCE_COLOR' env being set.
[WebServer] (Use `node --trace-warnings ...` to show where the warning was created)

[WebServer] (node:918312) Warning: The 'NO_COLOR' env is ignored due to the 'FORCE_COLOR' env being set.
[WebServer] (Use `node --trace-warnings ...` to show where the warning was created)

[WebServer] $ next start --port 4173 --hostname 127.0.0.1

[WebServer] (node:918365) Warning: The 'NO_COLOR' env is ignored due to the 'FORCE_COLOR' env being set.
[WebServer] (Use `node --trace-warnings ...` to show where the warning was created)

[WebServer] ⚠ "next start" does not work with "output: standalone" configuration. Use "node .next/standalone/server.js" instead.

[WebServer] (node:918420) Warning: The 'NO_COLOR' env is ignored due to the 'FORCE_COLOR' env being set.
[WebServer] (Use `node --trace-warnings ...` to show where the warning was created)

[WebServer] $ vite build

[WebServer] (node:918457) Warning: The 'NO_COLOR' env is ignored due to the 'FORCE_COLOR' env being set.
[WebServer] (Use `node --trace-warnings ...` to show where the warning was created)

[WebServer] 
[WebServer] /j-aautomation/app/fonts/geist-latin.woff2 referenced in /j-aautomation/app/fonts/geist-latin.woff2 didn't resolve at build time, it will remain unchanged to be resolved at runtime
[WebServer] 
[WebServer] /j-aautomation/app/fonts/geist-mono-latin.woff2 referenced in /j-aautomation/app/fonts/geist-mono-latin.woff2 didn't resolve at build time, it will remain unchanged to be resolved at runtime

[WebServer] (node:918457) Warning: The 'NO_COLOR' env is ignored due to the 'FORCE_COLOR' env being set.
[WebServer] (Use `node --trace-warnings ...` to show where the warning was created)

[WebServer] 
[WebServer] /j-aautomation/app/fonts/geist-latin.woff2 referenced in /j-aautomation/app/fonts/geist-latin.woff2 didn't resolve at build time, it will remain unchanged to be resolved at runtime

[WebServer] 
[WebServer] /j-aautomation/app/fonts/geist-mono-latin.woff2 referenced in /j-aautomation/app/fonts/geist-mono-latin.woff2 didn't resolve at build time, it will remain unchanged to be resolved at runtime

[WebServer] [plugin builtin:vite-reporter] 
[WebServer] (!) Some chunks are larger than 500 kB after minification. Consider:
[WebServer] - Using dynamic import() to code-split the application
[WebServer] - Use build.rolldownOptions.output.codeSplitting to improve chunking: https://rolldown.rs/reference/OutputOptions.codeSplitting
[WebServer] - Adjust chunk size limit for this warning via build.chunkSizeWarningLimit.

[WebServer] (node:918457) Warning: The 'NO_COLOR' env is ignored due to the 'FORCE_COLOR' env being set.
[WebServer] (Use `node --trace-warnings ...` to show where the warning was created)

[WebServer] .svelte-kit/output/server/chunks/auth.js (3652:0): A comment
[WebServer] 
[WebServer] "/**
[WebServer] * Wraps a cipher: validates args, ensures encrypt() can only be called once.
[WebServer] * Used internally by the exported cipher constructors.
[WebServer] * Output-buffer support is inferred from the wrapped `encrypt` / `decrypt`
[WebServer] * arity (`fn.length === 2`), so wrapped output-capable methods must use a normal
[WebServer] * second parameter, not a default/rest parameter. AAD support is explicit in
[WebServer] * `params.withAAD`; optional AAD starts after the nonce slot when one is present.
[WebServer] * @__NO_SIDE_EFFECTS__
[WebServer] * @param params - Static cipher metadata. See {@link CipherParams}.
[WebServer] * @param constructor - Cipher constructor.
[WebServer] * @returns Wrapped constructor with validation.
[WebServer] */"
[WebServer] 
[WebServer] in ".svelte-kit/output/server/chunks/auth.js" contains an annotation that Rollup cannot interpret due to the position of the comment. The comment will be removed to avoid issues.

[WebServer] "node:sqlite" is imported by ".svelte-kit/output/server/chunks/src.js", but could not be resolved – treating it as an external dependency.

[WebServer] Generated an empty chunk: "chunks/env.js".

[WebServer] [PLUGIN_TIMINGS] Your build spent 100% of 13.6s inside plugin hooks (21.1s).
[WebServer] Measured inside the callback, so queue time is excluded and time the callback itself awaited is not:
[WebServer]   - vite-plugin-sveltekit-compile writeBundle (62%, 8.5s, 1 call)
[WebServer]   - vite-plugin-sveltekit-compile closeBundle (58%, 7.9s, 1 call)
[WebServer]   - vite-plugin-svelte:compile transform (23%, 3.1s, 69 calls)
[WebServer]   - @tailwindcss/vite:generate:build transform (10%, 1.3s, 40 calls)
[WebServer] Those rows are 100% of the build; the rest of the 100% is below.
[WebServer] Not measurable — 1 hook whose calls overlap, so elapsed time covers work other calls were doing. Profile with `node --cpu-prof`:
[WebServer]   - vite-plugin-sveltekit-guard resolveId (4503 calls)
[WebServer] See https://rolldown.rs/reference/InputOptions.checks#plugintimings for more details.
[WebServer] 

[WebServer] (node:919200) Warning: The 'NO_COLOR' env is ignored due to the 'FORCE_COLOR' env being set.
[WebServer] (Use `node --trace-warnings ...` to show where the warning was created)

[WebServer] $ node build

[WebServer] (node:919213) Warning: The 'NO_COLOR' env is ignored due to the 'FORCE_COLOR' env being set.
[WebServer] (Use `node --trace-warnings ...` to show where the warning was created)

{
  "counts": {
    "clients": 23,
    "contacts": 8,
    "projects": 25,
    "users": 6,
    "workers": 3,
    "timeEntries": 43,
    "reports": 7,
    "technicalReports": 3,
    "technicalChanges": 2,
    "expenses": 41,
    "documents": 13,
    "milestones": 4,
    "invoiceDrafts": 7,
    "invoices": 8,
    "issuedInvoices": 1,
    "billingRules": 14,
    "skills": 18,
    "workerSkills": 17,
    "availabilities": 6,
    "settlements": 2,
    "periodReports": 4,
    "accountingPacks": 1
  },
  "projects": [
    "01a0cb2c-76a4-7569-ac8f-e0c0f626a19a",
    "01a0cb2c-76a5-726c-94b8-e6873f2ebdf2",
    "01a0cb2c-76a6-70e8-8168-babccb893221",
    "01a0cb2c-76a8-736c-8d7a-9d25661e418f"
  ],
  "invoiceDrafts": [
    "01a0cb2c-7798-7090-9e91-fa0bd3f09688",
    "01a0cb2c-779c-7075-b9ef-010f81896dc5",
    "01a0cb2c-77a0-76cd-89bc-94e8a59125f1"
  ],
  "additionalInvoiceDrafts": [
    "01a0cb2c-77a7-73ca-b082-0898e8e099bc",
    "01a0cb2c-77aa-73ca-8fb1-6c568915e359",
    "01a0cb2c-77ad-722a-b8f2-ecce74e58cb3"
  ],
  "issuedPalletizerInvoice": {
    "id": "01a0cb2c-77a7-73ca-b082-0898e8e099bc",
    "invoiceNumber": "DEMO-2026-00001"
  },
  "settlementIds": [
    "01a0cb2c-778e-70fe-ac32-10c8874105c9",
    "01a0cb2c-7790-742a-9bc3-aec8d8b0e40c"
  ],
  "closedPeriods": [
    {
      "state": "ready",
      "reasons": [],
      "projectId": "01a0cb2c-76a4-7569-ac8f-e0c0f626a19a",
      "streamType": "labor",
      "closed": true,
      "billingPeriodId": "01a0cb2c-77b6-7778-8967-cb3721fe2321"
    },
    {
      "state": "ready",
      "reasons": [],
      "projectId": "01a0cb2c-76a4-7569-ac8f-e0c0f626a19a",
      "streamType": "expense",
      "closed": true,
      "billingPeriodId": "01a0cb2c-77b8-71ad-a91f-17822dbfac34"
    }
  ],
  "periodReportIds": [
    "01a0cb2c-77b9-72bc-a432-fc0f290fdc20",
    "01a0cb2c-77b9-72bc-a433-0185f6da63b0"
  ],
  "accountingPackId": "01a0cb2c-77fb-7528-b0ca-6dabb984fafa",
  "canonicalAccountingPackRevisionId": "fp-accounting-pack-revision-321787aacd2160dc42021451775299f3ba658816",
  "closeoutId": "01a0cb2c-7887-708c-a940-20cf4eba3845"
}

Running 5 tests using 1 worker

(node:919374) Warning: The 'NO_COLOR' env is ignored due to the 'FORCE_COLOR' env being set.
(Use `node --trace-warnings ...` to show where the warning was created)


[1/5] [desktop] › tests/e2e/sheet-change-tracking.spec.ts:4:1 › searching a selector does not dirty a sheet, but selecting a real value does
[2/5] [desktop] › tests/e2e/time-form-resilience.spec.ts:35:1 › time blocks duplicate writes, freezes the submitted interval and focuses network failure feedback
[3/5] [desktop] › tests/e2e/time-form-resilience.spec.ts:99:1 › time server validation focuses its field and removes the obsolete summary after correction
[4/5] [desktop] › tests/e2e/time-form-resilience.spec.ts:120:1 › time cross-field interval corrections and reset clear only obsolete validation without moving focus
[5/5] [desktop] › tests/e2e/time-form-resilience.spec.ts:157:1 › time reports disabled offline mode without losing the local interval or attempting a POST
  5 passed (1.0m)
